192.168.1.8 - - [29/Jul/2025:20:59:13 +0530] "POST /generate.php HTTP/1.1" 200 66 "http://192.168.1.8/imd/" "Mozilla/5.0 (Windows NT 10.0; Win64; x64) AppleWebKit/537.36 (KHTML, like Gecko) Chrome/138.0.0.0 Safari/537.36"
192.168.1.8 - - [29/Jul/2025:21:08:40 +0530] "GET /imd/ HTTP/1.1" 304 0 "-" "Mozilla/5.0 (Windows NT 10.0; Win64; x64) AppleWebKit/537.36 (KHTML, like Gecko) Chrome/138.0.0.0 Safari/537.36"
192.168.1.8 - - [29/Jul/2025:21:08:40 +0530] "GET /imd/data.php HTTP/1.1" 200 15677 "http://192.168.1.8/imd/" "Mozilla/5.0 (Windows NT 10.0; Win64; x64) AppleWebKit/537.36 (KHTML, like Gecko) Chrome/138.0.0.0 Safari/537.36"
192.168.1.8 - - [29/Jul/2025:21:10:57 +0530] "GET /imd/icons/009-dust-raising-winds.png HTTP/1.1" 200 704 "http://192.168.1.8/imd/" "Mozilla/5.0 (Windows NT 10.0; Win64; x64) AppleWebKit/537.36 (KHTML, like Gecko) Chrome/138.0.0.0 Safari/537.36"
192.168.1.8 - - [29/Jul/2025:21:11:25 +0530] "POST /generate.php HTTP/1.1" 200 66 "http://192.168.1.8/imd/" "Mozilla/5.0 (Windows NT 10.0; Win64; x64) AppleWebKit/537.36 (KHTML, like Gecko) Chrome/138.0.0.0 Safari/537.36"
127.0.0.1 - - [29/Jul/2025:21:24:40 +0530] "GET /test_shell.php HTTP/1.1" 200 36 "-" "Mozilla/5.0 (Windows NT 10.0; Win64; x64) AppleWebKit/537.36 (KHTML, like Gecko) Chrome/138.0.0.0 Safari/537.36"
127.0.0.1 - - [29/Jul/2025:21:24:40 +0530] "GET /favicon.ico HTTP/1.1" 404 555 "http://localhost/test_shell.php" "Mozilla/5.0 (Windows NT 10.0; Win64; x64) AppleWebKit/537.36 (KHTML, like Gecko) Chrome/138.0.0.0 Safari/537.36"
127.0.0.1 - - [29/Jul/2025:21:26:08 +0530] "GET /test_run_script.php HTTP/1.1" 200 21 "-" "Mozilla/5.0 (Windows NT 10.0; Win64; x64) AppleWebKit/537.36 (KHTML, like Gecko) Chrome/138.0.0.0 Safari/537.36"
127.0.0.1 - - [29/Jul/2025:21:28:10 +0530] "GET /test_run_script.php HTTP/1.1" 200 992 "-" "Mozilla/5.0 (Windows NT 10.0; Win64; x64) AppleWebKit/537.36 (KHTML, like Gecko) Chrome/138.0.0.0 Safari/537.36"
127.0.0.1 - - [29/Jul/2025:21:30:34 +0530] "GET /test_run_script.php HTTP/1.1" 200 483 "-" "Mozilla/5.0 (Windows NT 10.0; Win64; x64) AppleWebKit/537.36 (KHTML, like Gecko) Chrome/138.0.0.0 Safari/537.36"
192.168.1.8 - - [29/Jul/2025:21:33:19 +0530] "GET /imd/ HTTP/1.1" 304 0 "-" "Mozilla/5.0 (Windows NT 10.0; Win64; x64) AppleWebKit/537.36 (KHTML, like Gecko) Chrome/138.0.0.0 Safari/537.36"
192.168.1.8 - - [29/Jul/2025:21:33:19 +0530] "GET /imd/data.php HTTP/1.1" 200 15677 "http://192.168.1.8/imd/" "Mozilla/5.0 (Windows NT 10.0; Win64; x64) AppleWebKit/537.36 (KHTML, like Gecko) Chrome/138.0.0.0 Safari/537.36"
192.168.1.8 - - [29/Jul/2025:21:33:36 +0530] "GET /imd/icons/011-heat-wave.png HTTP/1.1" 200 694 "http://192.168.1.8/imd/" "Mozilla/5.0 (Windows NT 10.0; Win64; x64) AppleWebKit/537.36 (KHTML, like Gecko) Chrome/138.0.0.0 Safari/537.36"
192.168.1.8 - - [29/Jul/2025:21:33:55 +0530] "POST /generate.php HTTP/1.1" 200 1042470 "http://192.168.1.8/imd/" "Mozilla/5.0 (Windows NT 10.0; Win64; x64) AppleWebKit/537.36 (KHTML, like Gecko) Chrome/138.0.0.0 Safari/537.36"
192.168.1.8 - - [29/Jul/2025:21:34:11 +0530] "GET /imd/ HTTP/1.1" 304 0 "-" "Mozilla/5.0 (Windows NT 10.0; Win64; x64) AppleWebKit/537.36 (KHTML, like Gecko) Chrome/138.0.0.0 Safari/537.36"
192.168.1.8 - - [29/Jul/2025:21:34:12 +0530] "GET /imd/data.php HTTP/1.1" 200 15677 "http://192.168.1.8/imd/" "Mozilla/5.0 (Windows NT 10.0; Win64; x64) AppleWebKit/537.36 (KHTML, like Gecko) Chrome/138.0.0.0 Safari/537.36"
192.168.1.8 - - [29/Jul/2025:21:35:48 +0530] "POST /generate.php HTTP/1.1" 200 1048077 "http://192.168.1.8/imd/" "Mozilla/5.0 (Windows NT 10.0; Win64; x64) AppleWebKit/537.36 (KHTML, like Gecko) Chrome/138.0.0.0 Safari/537.36"
192.168.1.8 - - [29/Jul/2025:21:37:11 +0530] "POST /generate.php HTTP/1.1" 200 1052646 "http://192.168.1.8/imd/" "Mozilla/5.0 (Windows NT 10.0; Win64; x64) AppleWebKit/537.36 (KHTML, like Gecko) Chrome/138.0.0.0 Safari/537.36"
192.168.1.8 - - [29/Jul/2025:21:40:38 +0530] "POST /generate.php HTTP/1.1" 200 1051894 "http://192.168.1.8/imd/" "Mozilla/5.0 (Windows NT 10.0; Win64; x64) AppleWebKit/537.36 (KHTML, like Gecko) Chrome/138.0.0.0 Safari/537.36"
192.168.1.8 - - [29/Jul/2025:21:41:31 +0530] "GET /imd/ HTTP/1.1" 304 0 "-" "Mozilla/5.0 (Windows NT 10.0; Win64; x64) AppleWebKit/537.36 (KHTML, like Gecko) Chrome/138.0.0.0 Safari/537.36"
192.168.1.8 - - [29/Jul/2025:21:41:31 +0530] "GET /imd/data.php HTTP/1.1" 200 15677 "http://192.168.1.8/imd/" "Mozilla/5.0 (Windows NT 10.0; Win64; x64) AppleWebKit/537.36 (KHTML, like Gecko) Chrome/138.0.0.0 Safari/537.36"
192.168.1.8 - - [29/Jul/2025:21:41:37 +0530] "GET /imd/ HTTP/1.1" 304 0 "-" "Mozilla/5.0 (Windows NT 10.0; Win64; x64) AppleWebKit/537.36 (KHTML, like Gecko) Chrome/138.0.0.0 Safari/537.36"
192.168.1.8 - - [29/Jul/2025:21:41:37 +0530] "GET /imd/data.php HTTP/1.1" 200 15677 "http://192.168.1.8/imd/" "Mozilla/5.0 (Windows NT 10.0; Win64; x64) AppleWebKit/537.36 (KHTML, like Gecko) Chrome/138.0.0.0 Safari/537.36"
192.168.1.3 - - [29/Jul/2025:21:42:56 +0530] "GET /imd/ HTTP/1.1" 200 2420 "-" "Mozilla/5.0 (Linux; Android 10; K) AppleWebKit/537.36 (KHTML, like Gecko) Chrome/138.0.0.0 Mobile Safari/537.36"
192.168.1.3 - - [29/Jul/2025:21:42:56 +0530] "GET /imd/styles.css HTTP/1.1" 200 10155 "http://192.168.1.8/imd/" "Mozilla/5.0 (Linux; Android 10; K) AppleWebKit/537.36 (KHTML, like Gecko) Chrome/138.0.0.0 Mobile Safari/537.36"
192.168.1.3 - - [29/Jul/2025:21:42:56 +0530] "GET /imd/script.js HTTP/1.1" 200 39840 "http://192.168.1.8/imd/" "Mozilla/5.0 (Linux; Android 10; K) AppleWebKit/537.36 (KHTML, like Gecko) Chrome/138.0.0.0 Mobile Safari/537.36"
192.168.1.3 - - [29/Jul/2025:21:42:57 +0530] "GET /imd/data//states_india.geojson HTTP/1.1" 200 608 "http://192.168.1.8/imd/" "Mozilla/5.0 (Linux; Android 10; K) AppleWebKit/537.36 (KHTML, like Gecko) Chrome/138.0.0.0 Mobile Safari/537.36"
192.168.1.3 - - [29/Jul/2025:21:42:57 +0530] "GET /imd/data//districts_india.geojson HTTP/1.1" 200 614 "http://192.168.1.8/imd/" "Mozilla/5.0 (Linux; Android 10; K) AppleWebKit/537.36 (KHTML, like Gecko) Chrome/138.0.0.0 Mobile Safari/537.36"
192.168.1.3 - - [29/Jul/2025:21:42:57 +0530] "GET /imd/data.php HTTP/1.1" 200 15677 "http://192.168.1.8/imd/" "Mozilla/5.0 (Linux; Android 10; K) AppleWebKit/537.36 (KHTML, like Gecko) Chrome/138.0.0.0 Mobile Safari/537.36"
192.168.1.3 - - [29/Jul/2025:21:42:57 +0530] "GET /favicon.ico HTTP/1.1" 404 555 "http://192.168.1.8/imd/" "Mozilla/5.0 (Linux; Android 10; K) AppleWebKit/537.36 (KHTML, like Gecko) Chrome/138.0.0.0 Mobile Safari/537.36"
192.168.1.3 - - [29/Jul/2025:21:44:15 +0530] "GET /imd/icons/004-rain-1.png HTTP/1.1" 200 816 "http://192.168.1.8/imd/" "Mozilla/5.0 (Linux; Android 10; K) AppleWebKit/537.36 (KHTML, like Gecko) Chrome/138.0.0.0 Mobile Safari/537.36"
192.168.1.3 - - [29/Jul/2025:21:44:49 +0530] "POST /generate.php HTTP/1.1" 200 1046047 "http://192.168.1.8/imd/" "Mozilla/5.0 (Linux; Android 10; K) AppleWebKit/537.36 (KHTML, like Gecko) Chrome/138.0.0.0 Mobile Safari/537.36"
172.20.10.4 - - [30/Jul/2025:09:53:34 +0530] "GET /imd/ HTTP/1.1" 200 2420 "-" "Mozilla/5.0 (Windows NT 10.0; Win64; x64) AppleWebKit/537.36 (KHTML, like Gecko) Chrome/138.0.0.0 Safari/537.36"
172.20.10.4 - - [30/Jul/2025:09:53:34 +0530] "GET /imd/styles.css HTTP/1.1" 200 10155 "http://172.20.10.4/imd/" "Mozilla/5.0 (Windows NT 10.0; Win64; x64) AppleWebKit/537.36 (KHTML, like Gecko) Chrome/138.0.0.0 Safari/537.36"
172.20.10.4 - - [30/Jul/2025:09:53:34 +0530] "GET /imd/script.js HTTP/1.1" 200 39840 "http://172.20.10.4/imd/" "Mozilla/5.0 (Windows NT 10.0; Win64; x64) AppleWebKit/537.36 (KHTML, like Gecko) Chrome/138.0.0.0 Safari/537.36"
172.20.10.4 - - [30/Jul/2025:09:53:35 +0530] "GET /imd/data//states_india.geojson HTTP/1.1" 200 608 "http://172.20.10.4/imd/" "Mozilla/5.0 (Windows NT 10.0; Win64; x64) AppleWebKit/537.36 (KHTML, like Gecko) Chrome/138.0.0.0 Safari/537.36"
172.20.10.4 - - [30/Jul/2025:09:53:35 +0530] "GET /imd/data//districts_india.geojson HTTP/1.1" 200 614 "http://172.20.10.4/imd/" "Mozilla/5.0 (Windows NT 10.0; Win64; x64) AppleWebKit/537.36 (KHTML, like Gecko) Chrome/138.0.0.0 Safari/537.36"
172.20.10.4 - - [30/Jul/2025:09:53:35 +0530] "GET /imd/data.php HTTP/1.1" 200 15677 "http://172.20.10.4/imd/" "Mozilla/5.0 (Windows NT 10.0; Win64; x64) AppleWebKit/537.36 (KHTML, like Gecko) Chrome/138.0.0.0 Safari/537.36"
172.20.10.4 - - [30/Jul/2025:09:53:35 +0530] "GET /favicon.ico HTTP/1.1" 404 555 "http://172.20.10.4/imd/" "Mozilla/5.0 (Windows NT 10.0; Win64; x64) AppleWebKit/537.36 (KHTML, like Gecko) Chrome/138.0.0.0 Safari/537.36"
172.20.10.4 - - [30/Jul/2025:09:53:56 +0530] "GET /imd/icons/013-warm-night.png HTTP/1.1" 200 610 "http://172.20.10.4/imd/" "Mozilla/5.0 (Windows NT 10.0; Win64; x64) AppleWebKit/537.36 (KHTML, like Gecko) Chrome/138.0.0.0 Safari/537.36"
172.20.10.4 - - [30/Jul/2025:09:54:18 +0530] "GET /imd/icons/004-rain-1.png HTTP/1.1" 200 816 "http://172.20.10.4/imd/" "Mozilla/5.0 (Windows NT 10.0; Win64; x64) AppleWebKit/537.36 (KHTML, like Gecko) Chrome/138.0.0.0 Safari/537.36"
172.20.10.4 - - [30/Jul/2025:09:54:52 +0530] "GET /imd/icons/005-snow.png HTTP/1.1" 200 839 "http://172.20.10.4/imd/" "Mozilla/5.0 (Windows NT 10.0; Win64; x64) AppleWebKit/537.36 (KHTML, like Gecko) Chrome/138.0.0.0 Safari/537.36"
172.20.10.4 - - [30/Jul/2025:09:55:41 +0530] "POST /generate.php HTTP/1.1" 200 1051915 "http://172.20.10.4/imd/" "Mozilla/5.0 (Windows NT 10.0; Win64; x64) AppleWebKit/537.36 (KHTML, like Gecko) Chrome/138.0.0.0 Safari/537.36"
172.20.10.1 - - [30/Jul/2025:11:21:53 +0530] "GET /imd/ HTTP/1.1" 200 2420 "-" "Mozilla/5.0 (iPhone; CPU iPhone OS 18_0_0 like Mac OS X) AppleWebKit/605.1.15 (KHTML, like Gecko) CriOS/138.0.7204.156 Mobile/15E148 Safari/604.1"
172.20.10.1 - - [30/Jul/2025:11:21:53 +0530] "GET /imd/styles.css HTTP/1.1" 200 10155 "http://172.20.10.4/imd/" "Mozilla/5.0 (iPhone; CPU iPhone OS 18_0_0 like Mac OS X) AppleWebKit/605.1.15 (KHTML, like Gecko) CriOS/138.0.7204.156 Mobile/15E148 Safari/604.1"
172.20.10.1 - - [30/Jul/2025:11:21:53 +0530] "GET /imd/script.js HTTP/1.1" 200 39840 "http://172.20.10.4/imd/" "Mozilla/5.0 (iPhone; CPU iPhone OS 18_0_0 like Mac OS X) AppleWebKit/605.1.15 (KHTML, like Gecko) CriOS/138.0.7204.156 Mobile/15E148 Safari/604.1"
172.20.10.1 - - [30/Jul/2025:11:21:54 +0530] "GET /imd/data//states_india.geojson HTTP/1.1" 200 608 "http://172.20.10.4/imd/" "Mozilla/5.0 (iPhone; CPU iPhone OS 18_0_0 like Mac OS X) AppleWebKit/605.1.15 (KHTML, like Gecko) CriOS/138.0.7204.156 Mobile/15E148 Safari/604.1"
172.20.10.1 - - [30/Jul/2025:11:21:54 +0530] "GET /imd/data//districts_india.geojson HTTP/1.1" 200 614 "http://172.20.10.4/imd/" "Mozilla/5.0 (iPhone; CPU iPhone OS 18_0_0 like Mac OS X) AppleWebKit/605.1.15 (KHTML, like Gecko) CriOS/138.0.7204.156 Mobile/15E148 Safari/604.1"
172.20.10.1 - - [30/Jul/2025:11:21:54 +0530] "GET /favicon.ico HTTP/1.1" 404 153 "-" "Mozilla/5.0 (iPhone; CPU iPhone OS 18_0_0 like Mac OS X) AppleWebKit/605.1.15 (KHTML, like Gecko) CriOS/138.0.7204.156 Mobile/15E148 Safari/604.1"
172.20.10.1 - - [30/Jul/2025:11:21:54 +0530] "GET /imd/data.php HTTP/1.1" 200 15677 "http://172.20.10.4/imd/" "Mozilla/5.0 (iPhone; CPU iPhone OS 18_0_0 like Mac OS X) AppleWebKit/605.1.15 (KHTML, like Gecko) CriOS/138.0.7204.156 Mobile/15E148 Safari/604.1"
172.20.10.1 - - [30/Jul/2025:11:22:24 +0530] "GET /imd/icons/002-rainy.png HTTP/1.1" 200 708 "http://172.20.10.4/imd/" "Mozilla/5.0 (iPhone; CPU iPhone OS 18_0_0 like Mac OS X) AppleWebKit/605.1.15 (KHTML, like Gecko) CriOS/138.0.7204.156 Mobile/15E148 Safari/604.1"
127.0.0.1 - - [30/Jul/2025:11:27:53 +0530] "GET /imd/ HTTP/1.1" 304 0 "-" "Mozilla/5.0 (Windows NT 10.0; Win64; x64) AppleWebKit/537.36 (KHTML, like Gecko) Chrome/138.0.0.0 Safari/537.36"
127.0.0.1 - - [30/Jul/2025:11:27:54 +0530] "GET /imd/script.js HTTP/1.1" 304 0 "http://localhost/imd/" "Mozilla/5.0 (Windows NT 10.0; Win64; x64) AppleWebKit/537.36 (KHTML, like Gecko) Chrome/138.0.0.0 Safari/537.36"
127.0.0.1 - - [30/Jul/2025:11:27:54 +0530] "GET /imd/styles.css HTTP/1.1" 304 0 "http://localhost/imd/" "Mozilla/5.0 (Windows NT 10.0; Win64; x64) AppleWebKit/537.36 (KHTML, like Gecko) Chrome/138.0.0.0 Safari/537.36"
127.0.0.1 - - [30/Jul/2025:11:27:54 +0530] "GET /imd/data//states_india.geojson HTTP/1.1" 304 0 "http://localhost/imd/" "Mozilla/5.0 (Windows NT 10.0; Win64; x64) AppleWebKit/537.36 (KHTML, like Gecko) Chrome/138.0.0.0 Safari/537.36"
127.0.0.1 - - [30/Jul/2025:11:27:54 +0530] "GET /imd/data//districts_india.geojson HTTP/1.1" 304 0 "http://localhost/imd/" "Mozilla/5.0 (Windows NT 10.0; Win64; x64) AppleWebKit/537.36 (KHTML, like Gecko) Chrome/138.0.0.0 Safari/537.36"
127.0.0.1 - - [30/Jul/2025:11:27:54 +0530] "GET /favicon.ico HTTP/1.1" 404 555 "http://localhost/imd/" "Mozilla/5.0 (Windows NT 10.0; Win64; x64) AppleWebKit/537.36 (KHTML, like Gecko) Chrome/138.0.0.0 Safari/537.36"
127.0.0.1 - - [30/Jul/2025:11:27:54 +0530] "GET /imd/data.php HTTP/1.1" 200 15677 "http://localhost/imd/" "Mozilla/5.0 (Windows NT 10.0; Win64; x64) AppleWebKit/537.36 (KHTML, like Gecko) Chrome/138.0.0.0 Safari/537.36"
192.168.1.44 - - [30/Jul/2025:11:33:38 +0530] "GET /imd HTTP/1.1" 301 169 "-" "Mozilla/5.0 (iPhone; CPU iPhone OS 18_0_0 like Mac OS X) AppleWebKit/605.1.15 (KHTML, like Gecko) CriOS/138.0.7204.156 Mobile/15E148 Safari/604.1"
192.168.1.44 - - [30/Jul/2025:11:33:38 +0530] "GET /imd/ HTTP/1.1" 200 2420 "-" "Mozilla/5.0 (iPhone; CPU iPhone OS 18_0_0 like Mac OS X) AppleWebKit/605.1.15 (KHTML, like Gecko) CriOS/138.0.7204.156 Mobile/15E148 Safari/604.1"
192.168.1.44 - - [30/Jul/2025:11:33:38 +0530] "GET /imd/styles.css HTTP/1.1" 200 10155 "http://192.168.1.43/imd/" "Mozilla/5.0 (iPhone; CPU iPhone OS 18_0_0 like Mac OS X) AppleWebKit/605.1.15 (KHTML, like Gecko) CriOS/138.0.7204.156 Mobile/15E148 Safari/604.1"
192.168.1.44 - - [30/Jul/2025:11:33:38 +0530] "GET /imd/script.js HTTP/1.1" 200 39840 "http://192.168.1.43/imd/" "Mozilla/5.0 (iPhone; CPU iPhone OS 18_0_0 like Mac OS X) AppleWebKit/605.1.15 (KHTML, like Gecko) CriOS/138.0.7204.156 Mobile/15E148 Safari/604.1"
192.168.1.44 - - [30/Jul/2025:11:33:39 +0530] "GET /imd/data//states_india.geojson HTTP/1.1" 200 608 "http://192.168.1.43/imd/" "Mozilla/5.0 (iPhone; CPU iPhone OS 18_0_0 like Mac OS X) AppleWebKit/605.1.15 (KHTML, like Gecko) CriOS/138.0.7204.156 Mobile/15E148 Safari/604.1"
192.168.1.44 - - [30/Jul/2025:11:33:39 +0530] "GET /favicon.ico HTTP/1.1" 404 153 "-" "Mozilla/5.0 (iPhone; CPU iPhone OS 18_0_0 like Mac OS X) AppleWebKit/605.1.15 (KHTML, like Gecko) CriOS/138.0.7204.156 Mobile/15E148 Safari/604.1"
192.168.1.44 - - [30/Jul/2025:11:33:39 +0530] "GET /imd/data//districts_india.geojson HTTP/1.1" 200 614 "http://192.168.1.43/imd/" "Mozilla/5.0 (iPhone; CPU iPhone OS 18_0_0 like Mac OS X) AppleWebKit/605.1.15 (KHTML, like Gecko) CriOS/138.0.7204.156 Mobile/15E148 Safari/604.1"
192.168.1.44 - - [30/Jul/2025:11:33:39 +0530] "GET /imd/data.php HTTP/1.1" 200 15677 "http://192.168.1.43/imd/" "Mozilla/5.0 (iPhone; CPU iPhone OS 18_0_0 like Mac OS X) AppleWebKit/605.1.15 (KHTML, like Gecko) CriOS/138.0.7204.156 Mobile/15E148 Safari/604.1"
192.168.1.42 - - [30/Jul/2025:11:34:21 +0530] "GET /imd HTTP/1.1" 301 169 "-" "Mozilla/5.0 (Linux; Android 10; K) AppleWebKit/537.36 (KHTML, like Gecko) Chrome/138.0.0.0 Mobile Safari/537.36"
192.168.1.42 - - [30/Jul/2025:11:34:21 +0530] "GET /imd/ HTTP/1.1" 200 2420 "-" "Mozilla/5.0 (Linux; Android 10; K) AppleWebKit/537.36 (KHTML, like Gecko) Chrome/138.0.0.0 Mobile Safari/537.36"
192.168.1.42 - - [30/Jul/2025:11:34:21 +0530] "GET /imd/styles.css HTTP/1.1" 200 10155 "http://192.168.1.43/imd/" "Mozilla/5.0 (Linux; Android 10; K) AppleWebKit/537.36 (KHTML, like Gecko) Chrome/138.0.0.0 Mobile Safari/537.36"
192.168.1.42 - - [30/Jul/2025:11:34:21 +0530] "GET /imd/script.js HTTP/1.1" 200 39840 "http://192.168.1.43/imd/" "Mozilla/5.0 (Linux; Android 10; K) AppleWebKit/537.36 (KHTML, like Gecko) Chrome/138.0.0.0 Mobile Safari/537.36"
192.168.1.42 - - [30/Jul/2025:11:34:23 +0530] "GET /imd/data//states_india.geojson HTTP/1.1" 200 608 "http://192.168.1.43/imd/" "Mozilla/5.0 (Linux; Android 10; K) AppleWebKit/537.36 (KHTML, like Gecko) Chrome/138.0.0.0 Mobile Safari/537.36"
192.168.1.42 - - [30/Jul/2025:11:34:24 +0530] "GET /imd/data//districts_india.geojson HTTP/1.1" 200 614 "http://192.168.1.43/imd/" "Mozilla/5.0 (Linux; Android 10; K) AppleWebKit/537.36 (KHTML, like Gecko) Chrome/138.0.0.0 Mobile Safari/537.36"
192.168.1.42 - - [30/Jul/2025:11:34:24 +0530] "GET /imd/data.php HTTP/1.1" 200 15677 "http://192.168.1.43/imd/" "Mozilla/5.0 (Linux; Android 10; K) AppleWebKit/537.36 (KHTML, like Gecko) Chrome/138.0.0.0 Mobile Safari/537.36"
192.168.1.42 - - [30/Jul/2025:11:34:24 +0530] "GET /favicon.ico HTTP/1.1" 404 555 "http://192.168.1.43/imd/" "Mozilla/5.0 (Linux; Android 10; K) AppleWebKit/537.36 (KHTML, like Gecko) Chrome/138.0.0.0 Mobile Safari/537.36"
192.168.1.42 - - [30/Jul/2025:11:35:10 +0530] "GET /imd/icons/003-rain.png HTTP/1.1" 200 634 "http://192.168.1.43/imd/" "Mozilla/5.0 (Linux; Android 10; K) AppleWebKit/537.36 (KHTML, like Gecko) Chrome/138.0.0.0 Mobile Safari/537.36"
192.168.1.44 - - [30/Jul/2025:11:35:40 +0530] "GET /imd/icons/005-snow.png HTTP/1.1" 200 839 "http://192.168.1.43/imd/" "Mozilla/5.0 (iPhone; CPU iPhone OS 18_0_0 like Mac OS X) AppleWebKit/605.1.15 (KHTML, like Gecko) CriOS/138.0.7204.156 Mobile/15E148 Safari/604.1"
192.168.1.44 - - [30/Jul/2025:11:36:19 +0530] "POST /generate.php HTTP/1.1" 200 69416 "http://192.168.1.43/imd/" "Mozilla/5.0 (iPhone; CPU iPhone OS 18_0_0 like Mac OS X) AppleWebKit/605.1.15 (KHTML, like Gecko) CriOS/138.0.7204.156 Mobile/15E148 Safari/604.1"
192.168.1.42 - - [30/Jul/2025:11:36:39 +0530] "POST /generate.php HTTP/1.1" 200 1029099 "http://192.168.1.43/imd/" "Mozilla/5.0 (Linux; Android 10; K) AppleWebKit/537.36 (KHTML, like Gecko) Chrome/138.0.0.0 Mobile Safari/537.36"
192.168.1.22 - - [30/Jul/2025:11:36:48 +0530] "GET / HTTP/1.1" 200 925 "-" "Mozilla/5.0 (Windows NT 10.0; Win64; x64) AppleWebKit/537.36 (KHTML, like Gecko) Chrome/138.0.0.0 Safari/537.36"
192.168.1.22 - - [30/Jul/2025:11:36:48 +0530] "GET /favicon.ico HTTP/1.1" 404 555 "http://192.168.1.43/" "Mozilla/5.0 (Windows NT 10.0; Win64; x64) AppleWebKit/537.36 (KHTML, like Gecko) Chrome/138.0.0.0 Safari/537.36"
192.168.1.44 - - [30/Jul/2025:11:36:50 +0530] "POST /generate.php HTTP/1.1" 504 497 "http://192.168.1.43/imd/" "Mozilla/5.0 (iPhone; CPU iPhone OS 18_0_0 like Mac OS X) AppleWebKit/605.1.15 (KHTML, like Gecko) CriOS/138.0.7204.156 Mobile/15E148 Safari/604.1"
192.168.1.22 - - [30/Jul/2025:11:36:55 +0530] "GET /imd HTTP/1.1" 301 169 "-" "Mozilla/5.0 (Windows NT 10.0; Win64; x64) AppleWebKit/537.36 (KHTML, like Gecko) Chrome/138.0.0.0 Safari/537.36"
192.168.1.22 - - [30/Jul/2025:11:36:55 +0530] "GET /imd/ HTTP/1.1" 200 2420 "-" "Mozilla/5.0 (Windows NT 10.0; Win64; x64) AppleWebKit/537.36 (KHTML, like Gecko) Chrome/138.0.0.0 Safari/537.36"
192.168.1.22 - - [30/Jul/2025:11:36:55 +0530] "GET /imd/styles.css HTTP/1.1" 200 10155 "http://192.168.1.43/imd/" "Mozilla/5.0 (Windows NT 10.0; Win64; x64) AppleWebKit/537.36 (KHTML, like Gecko) Chrome/138.0.0.0 Safari/537.36"
192.168.1.22 - - [30/Jul/2025:11:36:55 +0530] "GET /imd/script.js HTTP/1.1" 200 39840 "http://192.168.1.43/imd/" "Mozilla/5.0 (Windows NT 10.0; Win64; x64) AppleWebKit/537.36 (KHTML, like Gecko) Chrome/138.0.0.0 Safari/537.36"
192.168.1.22 - - [30/Jul/2025:11:36:55 +0530] "GET /imd/data//districts_india.geojson HTTP/1.1" 200 614 "http://192.168.1.43/imd/" "Mozilla/5.0 (Windows NT 10.0; Win64; x64) AppleWebKit/537.36 (KHTML, like Gecko) Chrome/138.0.0.0 Safari/537.36"
192.168.1.22 - - [30/Jul/2025:11:36:55 +0530] "GET /imd/data//states_india.geojson HTTP/1.1" 200 608 "http://192.168.1.43/imd/" "Mozilla/5.0 (Windows NT 10.0; Win64; x64) AppleWebKit/537.36 (KHTML, like Gecko) Chrome/138.0.0.0 Safari/537.36"
192.168.1.22 - - [30/Jul/2025:11:36:55 +0530] "GET /imd/data.php HTTP/1.1" 200 15677 "http://192.168.1.43/imd/" "Mozilla/5.0 (Windows NT 10.0; Win64; x64) AppleWebKit/537.36 (KHTML, like Gecko) Chrome/138.0.0.0 Safari/537.36"
192.168.1.44 - - [30/Jul/2025:11:36:57 +0530] "GET /imd/data.php HTTP/1.1" 200 15677 "http://192.168.1.43/imd/" "Mozilla/5.0 (iPhone; CPU iPhone OS 18_0_0 like Mac OS X) AppleWebKit/605.1.15 (KHTML, like Gecko) CriOS/138.0.7204.156 Mobile/15E148 Safari/604.1"
192.168.1.22 - - [30/Jul/2025:11:37:38 +0530] "GET /imd/icons/004-rain-1.png HTTP/1.1" 200 816 "http://192.168.1.43/imd/" "Mozilla/5.0 (Windows NT 10.0; Win64; x64) AppleWebKit/537.36 (KHTML, like Gecko) Chrome/138.0.0.0 Safari/537.36"
192.168.1.22 - - [30/Jul/2025:11:38:23 +0530] "GET /imd/icons/003-rain.png HTTP/1.1" 200 634 "http://192.168.1.43/imd/" "Mozilla/5.0 (Windows NT 10.0; Win64; x64) AppleWebKit/537.36 (KHTML, like Gecko) Chrome/138.0.0.0 Safari/537.36"
192.168.1.22 - - [30/Jul/2025:11:39:00 +0530] "GET /imd/icons/007-hailstorm.png HTTP/1.1" 200 787 "http://192.168.1.43/imd/" "Mozilla/5.0 (Windows NT 10.0; Win64; x64) AppleWebKit/537.36 (KHTML, like Gecko) Chrome/138.0.0.0 Safari/537.36"
192.168.1.22 - - [30/Jul/2025:11:39:24 +0530] "GET /imd/icons/006-thunder.png HTTP/1.1" 200 578 "http://192.168.1.43/imd/" "Mozilla/5.0 (Windows NT 10.0; Win64; x64) AppleWebKit/537.36 (KHTML, like Gecko) Chrome/138.0.0.0 Safari/537.36"
192.168.1.22 - - [30/Jul/2025:11:40:06 +0530] "GET /imd/ HTTP/1.1" 304 0 "-" "Mozilla/5.0 (Windows NT 10.0; Win64; x64) AppleWebKit/537.36 (KHTML, like Gecko) Chrome/138.0.0.0 Safari/537.36"
192.168.1.22 - - [30/Jul/2025:11:40:07 +0530] "GET /imd/data.php HTTP/1.1" 200 15677 "http://192.168.1.43/imd/" "Mozilla/5.0 (Windows NT 10.0; Win64; x64) AppleWebKit/537.36 (KHTML, like Gecko) Chrome/138.0.0.0 Safari/537.36"
192.168.1.22 - - [30/Jul/2025:11:41:43 +0530] "POST /generate.php HTTP/1.1" 200 1045921 "http://192.168.1.43/imd/" "Mozilla/5.0 (Windows NT 10.0; Win64; x64) AppleWebKit/537.36 (KHTML, like Gecko) Chrome/138.0.0.0 Safari/537.36"
127.0.0.1 - - [01/Aug/2025:10:47:55 +0530] "GET /imd/ HTTP/1.1" 304 0 "-" "Mozilla/5.0 (Windows NT 10.0; Win64; x64) AppleWebKit/537.36 (KHTML, like Gecko) Chrome/138.0.0.0 Safari/537.36"
127.0.0.1 - - [01/Aug/2025:10:47:55 +0530] "GET /imd/styles.css HTTP/1.1" 304 0 "http://localhost/imd/" "Mozilla/5.0 (Windows NT 10.0; Win64; x64) AppleWebKit/537.36 (KHTML, like Gecko) Chrome/138.0.0.0 Safari/537.36"
127.0.0.1 - - [01/Aug/2025:10:47:55 +0530] "GET /imd/script.js HTTP/1.1" 304 0 "http://localhost/imd/" "Mozilla/5.0 (Windows NT 10.0; Win64; x64) AppleWebKit/537.36 (KHTML, like Gecko) Chrome/138.0.0.0 Safari/537.36"
127.0.0.1 - - [01/Aug/2025:10:47:56 +0530] "GET /imd/data.php HTTP/1.1" 200 15677 "http://localhost/imd/" "Mozilla/5.0 (Windows NT 10.0; Win64; x64) AppleWebKit/537.36 (KHTML, like Gecko) Chrome/138.0.0.0 Safari/537.36"
127.0.0.1 - - [01/Aug/2025:10:48:00 +0530] "GET /favicon.ico HTTP/1.1" 404 555 "http://localhost/imd/" "Mozilla/5.0 (Windows NT 10.0; Win64; x64) AppleWebKit/537.36 (KHTML, like Gecko) Chrome/138.0.0.0 Safari/537.36"
127.0.0.1 - - [01/Aug/2025:10:48:00 +0530] "GET /imd/data.php HTTP/1.1" 200 15677 "http://localhost/imd/" "Mozilla/5.0 (Windows NT 10.0; Win64; x64) AppleWebKit/537.36 (KHTML, like Gecko) Chrome/138.0.0.0 Safari/537.36"
127.0.0.1 - - [01/Aug/2025:10:48:15 +0530] "GET /imd/icons/003-rain.png HTTP/1.1" 200 634 "http://localhost/imd/" "Mozilla/5.0 (Windows NT 10.0; Win64; x64) AppleWebKit/537.36 (KHTML, like Gecko) Chrome/138.0.0.0 Safari/537.36"
192.168.179.134 - - [01/Aug/2025:10:49:33 +0530] "GET /imd HTTP/1.1" 301 169 "-" "Mozilla/5.0 (Windows NT 10.0; Win64; x64) AppleWebKit/537.36 (KHTML, like Gecko) Chrome/138.0.0.0 Safari/537.36"
192.168.179.134 - - [01/Aug/2025:10:49:33 +0530] "GET /imd/ HTTP/1.1" 200 2420 "-" "Mozilla/5.0 (Windows NT 10.0; Win64; x64) AppleWebKit/537.36 (KHTML, like Gecko) Chrome/138.0.0.0 Safari/537.36"
192.168.179.134 - - [01/Aug/2025:10:49:34 +0530] "GET /imd/styles.css HTTP/1.1" 200 10155 "http://192.168.179.134/imd/" "Mozilla/5.0 (Windows NT 10.0; Win64; x64) AppleWebKit/537.36 (KHTML, like Gecko) Chrome/138.0.0.0 Safari/537.36"
192.168.179.134 - - [01/Aug/2025:10:49:34 +0530] "GET /imd/script.js HTTP/1.1" 200 39840 "http://192.168.179.134/imd/" "Mozilla/5.0 (Windows NT 10.0; Win64; x64) AppleWebKit/537.36 (KHTML, like Gecko) Chrome/138.0.0.0 Safari/537.36"
192.168.179.134 - - [01/Aug/2025:10:49:34 +0530] "GET /imd/data//states_india.geojson HTTP/1.1" 200 608 "http://192.168.179.134/imd/" "Mozilla/5.0 (Windows NT 10.0; Win64; x64) AppleWebKit/537.36 (KHTML, like Gecko) Chrome/138.0.0.0 Safari/537.36"
192.168.179.134 - - [01/Aug/2025:10:49:34 +0530] "GET /imd/data//districts_india.geojson HTTP/1.1" 200 614 "http://192.168.179.134/imd/" "Mozilla/5.0 (Windows NT 10.0; Win64; x64) AppleWebKit/537.36 (KHTML, like Gecko) Chrome/138.0.0.0 Safari/537.36"
192.168.179.134 - - [01/Aug/2025:10:49:34 +0530] "GET /favicon.ico HTTP/1.1" 404 555 "http://192.168.179.134/imd/" "Mozilla/5.0 (Windows NT 10.0; Win64; x64) AppleWebKit/537.36 (KHTML, like Gecko) Chrome/138.0.0.0 Safari/537.36"
192.168.179.134 - - [01/Aug/2025:10:49:36 +0530] "GET /imd/data.php HTTP/1.1" 499 0 "http://192.168.179.134/imd/" "Mozilla/5.0 (Windows NT 10.0; Win64; x64) AppleWebKit/537.36 (KHTML, like Gecko) Chrome/138.0.0.0 Safari/537.36"
127.0.0.1 - - [01/Aug/2025:10:49:48 +0530] "POST /generate.php HTTP/1.1" 504 497 "http://localhost/imd/" "Mozilla/5.0 (Windows NT 10.0; Win64; x64) AppleWebKit/537.36 (KHTML, like Gecko) Chrome/138.0.0.0 Safari/537.36"
127.0.0.1 - - [01/Aug/2025:10:49:53 +0530] "GET /imd/ HTTP/1.1" 304 0 "-" "Mozilla/5.0 (Windows NT 10.0; Win64; x64) AppleWebKit/537.36 (KHTML, like Gecko) Chrome/138.0.0.0 Safari/537.36"
127.0.0.1 - - [01/Aug/2025:10:50:15 +0530] "GET /imd/data.php HTTP/1.1" 200 15677 "http://localhost/imd/" "Mozilla/5.0 (Windows NT 10.0; Win64; x64) AppleWebKit/537.36 (KHTML, like Gecko) Chrome/138.0.0.0 Safari/537.36"
127.0.0.1 - - [01/Aug/2025:10:50:17 +0530] "GET /imd/ HTTP/1.1" 304 0 "-" "Mozilla/5.0 (Windows NT 10.0; Win64; x64) AppleWebKit/537.36 (KHTML, like Gecko) Chrome/138.0.0.0 Safari/537.36"
127.0.0.1 - - [01/Aug/2025:10:50:17 +0530] "GET /imd/data.php HTTP/1.1" 200 15677 "http://localhost/imd/" "Mozilla/5.0 (Windows NT 10.0; Win64; x64) AppleWebKit/537.36 (KHTML, like Gecko) Chrome/138.0.0.0 Safari/537.36"
127.0.0.1 - - [01/Aug/2025:10:50:56 +0530] "POST /generate.php HTTP/1.1" 200 66 "http://localhost/imd/" "Mozilla/5.0 (Windows NT 10.0; Win64; x64) AppleWebKit/537.36 (KHTML, like Gecko) Chrome/138.0.0.0 Safari/537.36"
127.0.0.1 - - [01/Aug/2025:10:51:06 +0530] "GET /imd/ HTTP/1.1" 304 0 "-" "Mozilla/5.0 (Windows NT 10.0; Win64; x64) AppleWebKit/537.36 (KHTML, like Gecko) Chrome/138.0.0.0 Safari/537.36"
127.0.0.1 - - [01/Aug/2025:10:51:06 +0530] "GET /imd/data.php HTTP/1.1" 200 15677 "http://localhost/imd/" "Mozilla/5.0 (Windows NT 10.0; Win64; x64) AppleWebKit/537.36 (KHTML, like Gecko) Chrome/138.0.0.0 Safari/537.36"
127.0.0.1 - - [01/Aug/2025:10:51:14 +0530] "GET /imd/ HTTP/1.1" 304 0 "-" "Mozilla/5.0 (Windows NT 10.0; Win64; x64) AppleWebKit/537.36 (KHTML, like Gecko) Chrome/138.0.0.0 Safari/537.36"
127.0.0.1 - - [01/Aug/2025:10:51:14 +0530] "GET /imd/data.php HTTP/1.1" 200 15677 "http://localhost/imd/" "Mozilla/5.0 (Windows NT 10.0; Win64; x64) AppleWebKit/537.36 (KHTML, like Gecko) Chrome/138.0.0.0 Safari/537.36"
127.0.0.1 - - [01/Aug/2025:10:51:32 +0530] "GET /imd/icons/014-hot-day.png HTTP/1.1" 304 0 "http://localhost/imd/" "Mozilla/5.0 (Windows NT 10.0; Win64; x64) AppleWebKit/537.36 (KHTML, like Gecko) Chrome/138.0.0.0 Safari/537.36"
127.0.0.1 - - [01/Aug/2025:10:52:16 +0530] "POST /generate.php HTTP/1.1" 200 1045764 "http://localhost/imd/" "Mozilla/5.0 (Windows NT 10.0; Win64; x64) AppleWebKit/537.36 (KHTML, like Gecko) Chrome/138.0.0.0 Safari/537.36"
192.168.179.241 - - [01/Aug/2025:10:52:56 +0530] "GET /imd HTTP/1.1" 301 169 "-" "Mozilla/5.0 (X11; Linux x86_64) AppleWebKit/537.36 (KHTML, like Gecko) Chrome/138.0.0.0 Safari/537.36"
192.168.179.241 - - [01/Aug/2025:10:52:56 +0530] "GET /imd/ HTTP/1.1" 200 2420 "-" "Mozilla/5.0 (X11; Linux x86_64) AppleWebKit/537.36 (KHTML, like Gecko) Chrome/138.0.0.0 Safari/537.36"
192.168.179.241 - - [01/Aug/2025:10:52:56 +0530] "GET /imd/styles.css HTTP/1.1" 200 10155 "http://192.168.179.134/imd/" "Mozilla/5.0 (X11; Linux x86_64) AppleWebKit/537.36 (KHTML, like Gecko) Chrome/138.0.0.0 Safari/537.36"
192.168.179.241 - - [01/Aug/2025:10:52:56 +0530] "GET /imd/script.js HTTP/1.1" 200 39840 "http://192.168.179.134/imd/" "Mozilla/5.0 (X11; Linux x86_64) AppleWebKit/537.36 (KHTML, like Gecko) Chrome/138.0.0.0 Safari/537.36"
192.168.179.241 - - [01/Aug/2025:10:52:56 +0530] "GET /imd/data//states_india.geojson HTTP/1.1" 200 608 "http://192.168.179.134/imd/" "Mozilla/5.0 (X11; Linux x86_64) AppleWebKit/537.36 (KHTML, like Gecko) Chrome/138.0.0.0 Safari/537.36"
192.168.179.241 - - [01/Aug/2025:10:52:56 +0530] "GET /imd/data//districts_india.geojson HTTP/1.1" 200 614 "http://192.168.179.134/imd/" "Mozilla/5.0 (X11; Linux x86_64) AppleWebKit/537.36 (KHTML, like Gecko) Chrome/138.0.0.0 Safari/537.36"
192.168.179.241 - - [01/Aug/2025:10:52:57 +0530] "GET /imd/data.php HTTP/1.1" 200 15677 "http://192.168.179.134/imd/" "Mozilla/5.0 (X11; Linux x86_64) AppleWebKit/537.36 (KHTML, like Gecko) Chrome/138.0.0.0 Safari/537.36"
192.168.179.241 - - [01/Aug/2025:10:52:57 +0530] "GET /favicon.ico HTTP/1.1" 404 555 "http://192.168.179.134/imd/" "Mozilla/5.0 (X11; Linux x86_64) AppleWebKit/537.36 (KHTML, like Gecko) Chrome/138.0.0.0 Safari/537.36"
192.168.179.52 - - [01/Aug/2025:10:52:58 +0530] "GET /imd HTTP/1.1" 301 169 "-" "Mozilla/5.0 (Windows NT 10.0; Win64; x64) AppleWebKit/537.36 (KHTML, like Gecko) Chrome/138.0.0.0 Safari/537.36"
192.168.179.52 - - [01/Aug/2025:10:52:58 +0530] "GET /imd/ HTTP/1.1" 200 2420 "-" "Mozilla/5.0 (Windows NT 10.0; Win64; x64) AppleWebKit/537.36 (KHTML, like Gecko) Chrome/138.0.0.0 Safari/537.36"
192.168.179.52 - - [01/Aug/2025:10:52:58 +0530] "GET /imd/styles.css HTTP/1.1" 200 10155 "http://192.168.179.134/imd/" "Mozilla/5.0 (Windows NT 10.0; Win64; x64) AppleWebKit/537.36 (KHTML, like Gecko) Chrome/138.0.0.0 Safari/537.36"
192.168.179.52 - - [01/Aug/2025:10:52:58 +0530] "GET /imd/script.js HTTP/1.1" 200 39840 "http://192.168.179.134/imd/" "Mozilla/5.0 (Windows NT 10.0; Win64; x64) AppleWebKit/537.36 (KHTML, like Gecko) Chrome/138.0.0.0 Safari/537.36"
192.168.179.52 - - [01/Aug/2025:10:52:58 +0530] "GET /imd/data//districts_india.geojson HTTP/1.1" 200 614 "http://192.168.179.134/imd/" "Mozilla/5.0 (Windows NT 10.0; Win64; x64) AppleWebKit/537.36 (KHTML, like Gecko) Chrome/138.0.0.0 Safari/537.36"
192.168.179.52 - - [01/Aug/2025:10:52:58 +0530] "GET /imd/data//states_india.geojson HTTP/1.1" 200 608 "http://192.168.179.134/imd/" "Mozilla/5.0 (Windows NT 10.0; Win64; x64) AppleWebKit/537.36 (KHTML, like Gecko) Chrome/138.0.0.0 Safari/537.36"
192.168.179.52 - - [01/Aug/2025:10:52:58 +0530] "GET /imd/data.php HTTP/1.1" 200 15677 "http://192.168.179.134/imd/" "Mozilla/5.0 (Windows NT 10.0; Win64; x64) AppleWebKit/537.36 (KHTML, like Gecko) Chrome/138.0.0.0 Safari/537.36"
192.168.179.52 - - [01/Aug/2025:10:52:58 +0530] "GET /favicon.ico HTTP/1.1" 404 555 "http://192.168.179.134/imd/" "Mozilla/5.0 (Windows NT 10.0; Win64; x64) AppleWebKit/537.36 (KHTML, like Gecko) Chrome/138.0.0.0 Safari/537.36"
192.168.179.241 - - [01/Aug/2025:10:53:20 +0530] "GET /imd/icons/004-rain-1.png HTTP/1.1" 200 816 "http://192.168.179.134/imd/" "Mozilla/5.0 (X11; Linux x86_64) AppleWebKit/537.36 (KHTML, like Gecko) Chrome/138.0.0.0 Safari/537.36"
192.168.179.52 - - [01/Aug/2025:10:54:01 +0530] "GET /imd/icons/004-rain-1.png HTTP/1.1" 200 816 "http://192.168.179.134/imd/" "Mozilla/5.0 (Windows NT 10.0; Win64; x64) AppleWebKit/537.36 (KHTML, like Gecko) Chrome/138.0.0.0 Safari/537.36"
192.168.179.241 - - [01/Aug/2025:10:54:18 +0530] "POST /generate.php HTTP/1.1" 200 1050583 "http://192.168.179.134/imd/" "Mozilla/5.0 (X11; Linux x86_64) AppleWebKit/537.36 (KHTML, like Gecko) Chrome/138.0.0.0 Safari/537.36"
192.168.179.52 - - [01/Aug/2025:10:54:32 +0530] "GET /imd/icons/005-snow.png HTTP/1.1" 200 839 "http://192.168.179.134/imd/" "Mozilla/5.0 (Windows NT 10.0; Win64; x64) AppleWebKit/537.36 (KHTML, like Gecko) Chrome/138.0.0.0 Safari/537.36"
192.168.179.241 - - [01/Aug/2025:10:55:09 +0530] "GET /imd/icons/012-humidity.png HTTP/1.1" 200 899 "http://192.168.179.134/imd/" "Mozilla/5.0 (X11; Linux x86_64) AppleWebKit/537.36 (KHTML, like Gecko) Chrome/138.0.0.0 Safari/537.36"
192.168.179.52 - - [01/Aug/2025:10:55:13 +0530] "POST /generate.php HTTP/1.1" 200 1050086 "http://192.168.179.134/imd/" "Mozilla/5.0 (Windows NT 10.0; Win64; x64) AppleWebKit/537.36 (KHTML, like Gecko) Chrome/138.0.0.0 Safari/537.36"
192.168.179.241 - - [01/Aug/2025:10:56:03 +0530] "GET /imd/icons/002-rainy.png HTTP/1.1" 200 708 "http://192.168.179.134/imd/" "Mozilla/5.0 (X11; Linux x86_64) AppleWebKit/537.36 (KHTML, like Gecko) Chrome/138.0.0.0 Safari/537.36"
192.168.179.52 - - [01/Aug/2025:10:56:19 +0530] "GET /imd/icons/007-hailstorm.png HTTP/1.1" 200 787 "http://192.168.179.134/imd/" "Mozilla/5.0 (Windows NT 10.0; Win64; x64) AppleWebKit/537.36 (KHTML, like Gecko) Chrome/138.0.0.0 Safari/537.36"
192.168.179.52 - - [01/Aug/2025:10:56:47 +0530] "GET /imd/icons/015-ice.png HTTP/1.1" 200 1391 "http://192.168.179.134/imd/" "Mozilla/5.0 (Windows NT 10.0; Win64; x64) AppleWebKit/537.36 (KHTML, like Gecko) Chrome/138.0.0.0 Safari/537.36"
192.168.179.241 - - [01/Aug/2025:10:57:45 +0530] "POST /generate.php HTTP/1.1" 504 497 "http://192.168.179.134/imd/" "Mozilla/5.0 (X11; Linux x86_64) AppleWebKit/537.36 (KHTML, like Gecko) Chrome/138.0.0.0 Safari/537.36"
192.168.179.52 - - [01/Aug/2025:10:58:24 +0530] "POST /generate.php HTTP/1.1" 504 497 "http://192.168.179.134/imd/" "Mozilla/5.0 (Windows NT 10.0; Win64; x64) AppleWebKit/537.36 (KHTML, like Gecko) Chrome/138.0.0.0 Safari/537.36"
192.168.179.241 - - [01/Aug/2025:10:58:57 +0530] "POST /generate.php HTTP/1.1" 504 497 "http://192.168.179.134/imd/" "Mozilla/5.0 (X11; Linux x86_64) AppleWebKit/537.36 (KHTML, like Gecko) Chrome/138.0.0.0 Safari/537.36"
192.168.179.52 - - [01/Aug/2025:10:59:33 +0530] "POST /generate.php HTTP/1.1" 504 497 "http://192.168.179.134/imd/" "Mozilla/5.0 (Windows NT 10.0; Win64; x64) AppleWebKit/537.36 (KHTML, like Gecko) Chrome/138.0.0.0 Safari/537.36"
192.168.179.52 - - [01/Aug/2025:11:01:28 +0530] "POST /generate.php HTTP/1.1" 504 497 "http://192.168.179.134/imd/" "Mozilla/5.0 (Windows NT 10.0; Win64; x64) AppleWebKit/537.36 (KHTML, like Gecko) Chrome/138.0.0.0 Safari/537.36"
127.0.0.1 - - [01/Aug/2025:11:01:46 +0530] "GET /imd/icons/013-warm-night.png HTTP/1.1" 200 610 "http://localhost/imd/" "Mozilla/5.0 (Windows NT 10.0; Win64; x64) AppleWebKit/537.36 (KHTML, like Gecko) Chrome/138.0.0.0 Safari/537.36"
127.0.0.1 - - [01/Aug/2025:11:02:42 +0530] "GET /imd/icons/011-heat-wave.png HTTP/1.1" 304 0 "http://localhost/imd/" "Mozilla/5.0 (Windows NT 10.0; Win64; x64) AppleWebKit/537.36 (KHTML, like Gecko) Chrome/138.0.0.0 Safari/537.36"
192.168.179.52 - - [01/Aug/2025:11:03:17 +0530] "GET /imd/icons/006-thunder.png HTTP/1.1" 200 578 "http://192.168.179.134/imd/" "Mozilla/5.0 (Windows NT 10.0; Win64; x64) AppleWebKit/537.36 (KHTML, like Gecko) Chrome/138.0.0.0 Safari/537.36"
127.0.0.1 - - [01/Aug/2025:11:03:43 +0530] "GET /imd/icons/015-ice.png HTTP/1.1" 304 0 "http://localhost/imd/" "Mozilla/5.0 (Windows NT 10.0; Win64; x64) AppleWebKit/537.36 (KHTML, like Gecko) Chrome/138.0.0.0 Safari/537.36"
192.168.179.52 - - [01/Aug/2025:11:04:23 +0530] "POST /generate.php HTTP/1.1" 504 497 "http://192.168.179.134/imd/" "Mozilla/5.0 (Windows NT 10.0; Win64; x64) AppleWebKit/537.36 (KHTML, like Gecko) Chrome/138.0.0.0 Safari/537.36"
127.0.0.1 - - [01/Aug/2025:11:04:44 +0530] "POST /generate.php HTTP/1.1" 504 497 "http://localhost/imd/" "Mozilla/5.0 (Windows NT 10.0; Win64; x64) AppleWebKit/537.36 (KHTML, like Gecko) Chrome/138.0.0.0 Safari/537.36"
192.168.179.241 - - [01/Aug/2025:11:05:08 +0530] "POST /generate.php HTTP/1.1" 504 497 "http://192.168.179.134/imd/" "Mozilla/5.0 (X11; Linux x86_64) AppleWebKit/537.36 (KHTML, like Gecko) Chrome/138.0.0.0 Safari/537.36"
192.168.179.52 - - [01/Aug/2025:11:05:42 +0530] "POST /generate.php HTTP/1.1" 504 497 "http://192.168.179.134/imd/" "Mozilla/5.0 (Windows NT 10.0; Win64; x64) AppleWebKit/537.36 (KHTML, like Gecko) Chrome/138.0.0.0 Safari/537.36"
127.0.0.1 - - [01/Aug/2025:11:06:26 +0530] "POST /generate.php HTTP/1.1" 504 497 "http://localhost/imd/" "Mozilla/5.0 (Windows NT 10.0; Win64; x64) AppleWebKit/537.36 (KHTML, like Gecko) Chrome/138.0.0.0 Safari/537.36"
127.0.0.1 - - [01/Aug/2025:11:06:40 +0530] "GET /imd/ HTTP/1.1" 304 0 "-" "Mozilla/5.0 (Windows NT 10.0; Win64; x64) AppleWebKit/537.36 (KHTML, like Gecko) Chrome/138.0.0.0 Safari/537.36"
127.0.0.1 - - [01/Aug/2025:11:06:56 +0530] "GET /imd/ HTTP/1.1" 304 0 "-" "Mozilla/5.0 (Windows NT 10.0; Win64; x64) AppleWebKit/537.36 (KHTML, like Gecko) Chrome/138.0.0.0 Safari/537.36"
127.0.0.1 - - [01/Aug/2025:11:06:56 +0530] "GET /imd/data.php HTTP/1.1" 499 0 "http://localhost/imd/" "Mozilla/5.0 (Windows NT 10.0; Win64; x64) AppleWebKit/537.36 (KHTML, like Gecko) Chrome/138.0.0.0 Safari/537.36"
127.0.0.1 - - [01/Aug/2025:11:07:23 +0530] "GET /imd/ HTTP/1.1" 304 0 "-" "Mozilla/5.0 (Windows NT 10.0; Win64; x64) AppleWebKit/537.36 (KHTML, like Gecko) Chrome/138.0.0.0 Safari/537.36"
127.0.0.1 - - [01/Aug/2025:11:07:23 +0530] "GET /imd/data.php HTTP/1.1" 499 0 "http://localhost/imd/" "Mozilla/5.0 (Windows NT 10.0; Win64; x64) AppleWebKit/537.36 (KHTML, like Gecko) Chrome/138.0.0.0 Safari/537.36"
127.0.0.1 - - [01/Aug/2025:11:08:06 +0530] "GET /imd/ HTTP/1.1" 304 0 "-" "Mozilla/5.0 (Windows NT 10.0; Win64; x64) AppleWebKit/537.36 (KHTML, like Gecko) Chrome/138.0.0.0 Safari/537.36"
127.0.0.1 - - [01/Aug/2025:11:08:06 +0530] "GET /imd/data.php HTTP/1.1" 499 0 "http://localhost/imd/" "Mozilla/5.0 (Windows NT 10.0; Win64; x64) AppleWebKit/537.36 (KHTML, like Gecko) Chrome/138.0.0.0 Safari/537.36"
127.0.0.1 - - [01/Aug/2025:11:08:17 +0530] "GET /imd/ HTTP/1.1" 304 0 "-" "Mozilla/5.0 (Windows NT 10.0; Win64; x64) AppleWebKit/537.36 (KHTML, like Gecko) Chrome/138.0.0.0 Safari/537.36"
127.0.0.1 - - [01/Aug/2025:11:08:17 +0530] "GET /imd/data.php HTTP/1.1" 499 0 "http://localhost/imd/" "Mozilla/5.0 (Windows NT 10.0; Win64; x64) AppleWebKit/537.36 (KHTML, like Gecko) Chrome/138.0.0.0 Safari/537.36"
127.0.0.1 - - [01/Aug/2025:11:08:23 +0530] "GET /imd/data.php HTTP/1.1" 499 0 "http://localhost/imd/" "Mozilla/5.0 (Windows NT 10.0; Win64; x64) AppleWebKit/537.36 (KHTML, like Gecko) Chrome/138.0.0.0 Safari/537.36"
192.168.179.52 - - [01/Aug/2025:11:08:36 +0530] "GET /imd/ HTTP/1.1" 304 0 "-" "Mozilla/5.0 (Windows NT 10.0; Win64; x64) AppleWebKit/537.36 (KHTML, like Gecko) Chrome/138.0.0.0 Safari/537.36"
127.0.0.1 - - [01/Aug/2025:11:08:53 +0530] "GET /imd HTTP/1.1" 301 169 "-" "Mozilla/5.0 (Windows NT 10.0; Win64; x64) AppleWebKit/537.36 (KHTML, like Gecko) Chrome/138.0.0.0 Safari/537.36"
127.0.0.1 - - [01/Aug/2025:11:08:53 +0530] "GET /imd/ HTTP/1.1" 200 2420 "-" "Mozilla/5.0 (Windows NT 10.0; Win64; x64) AppleWebKit/537.36 (KHTML, like Gecko) Chrome/138.0.0.0 Safari/537.36"
127.0.0.1 - - [01/Aug/2025:11:08:53 +0530] "GET /imd/styles.css HTTP/1.1" 200 10155 "http://localhost/imd/" "Mozilla/5.0 (Windows NT 10.0; Win64; x64) AppleWebKit/537.36 (KHTML, like Gecko) Chrome/138.0.0.0 Safari/537.36"
127.0.0.1 - - [01/Aug/2025:11:08:53 +0530] "GET /imd/script.js HTTP/1.1" 200 39840 "http://localhost/imd/" "Mozilla/5.0 (Windows NT 10.0; Win64; x64) AppleWebKit/537.36 (KHTML, like Gecko) Chrome/138.0.0.0 Safari/537.36"
127.0.0.1 - - [01/Aug/2025:11:08:57 +0530] "GET /imd/data//states_india.geojson HTTP/1.1" 200 608 "http://localhost/imd/" "Mozilla/5.0 (Windows NT 10.0; Win64; x64) AppleWebKit/537.36 (KHTML, like Gecko) Chrome/138.0.0.0 Safari/537.36"
127.0.0.1 - - [01/Aug/2025:11:08:57 +0530] "GET /imd/data//districts_india.geojson HTTP/1.1" 200 614 "http://localhost/imd/" "Mozilla/5.0 (Windows NT 10.0; Win64; x64) AppleWebKit/537.36 (KHTML, like Gecko) Chrome/138.0.0.0 Safari/537.36"
192.168.179.52 - - [01/Aug/2025:11:09:36 +0530] "GET /imd/data.php HTTP/1.1" 504 497 "http://192.168.179.134/imd/" "Mozilla/5.0 (Windows NT 10.0; Win64; x64) AppleWebKit/537.36 (KHTML, like Gecko) Chrome/138.0.0.0 Safari/537.36"
127.0.0.1 - - [01/Aug/2025:11:09:37 +0530] "GET /imd/icons/009-dust-raising-winds.png HTTP/1.1" 200 704 "http://localhost/imd/" "Mozilla/5.0 (Windows NT 10.0; Win64; x64) AppleWebKit/537.36 (KHTML, like Gecko) Chrome/138.0.0.0 Safari/537.36"
127.0.0.1 - - [01/Aug/2025:11:09:44 +0530] "GET /imd/data.php HTTP/1.1" 499 0 "http://localhost/imd/" "Mozilla/5.0 (Windows NT 10.0; Win64; x64) AppleWebKit/537.36 (KHTML, like Gecko) Chrome/138.0.0.0 Safari/537.36"
127.0.0.1 - - [01/Aug/2025:11:11:27 +0530] "GET /imd/data.php HTTP/1.1" 504 497 "http://localhost/imd/" "Mozilla/5.0 (Windows NT 10.0; Win64; x64) AppleWebKit/537.36 (KHTML, like Gecko) Chrome/138.0.0.0 Safari/537.36"
127.0.0.1 - - [01/Aug/2025:11:11:34 +0530] "GET /imd/ HTTP/1.1" 304 0 "-" "Mozilla/5.0 (Windows NT 10.0; Win64; x64) AppleWebKit/537.36 (KHTML, like Gecko) Chrome/138.0.0.0 Safari/537.36"
127.0.0.1 - - [01/Aug/2025:11:11:46 +0530] "POST /generate.php HTTP/1.1" 504 497 "http://localhost/imd/" "Mozilla/5.0 (Windows NT 10.0; Win64; x64) AppleWebKit/537.36 (KHTML, like Gecko) Chrome/138.0.0.0 Safari/537.36"
192.168.179.241 - - [01/Aug/2025:11:11:55 +0530] "GET /imd/ HTTP/1.1" 304 0 "-" "Mozilla/5.0 (X11; Linux x86_64) AppleWebKit/537.36 (KHTML, like Gecko) Chrome/138.0.0.0 Safari/537.36"
127.0.0.1 - - [01/Aug/2025:11:11:55 +0530] "GET /imd/data.php HTTP/1.1" 499 0 "http://localhost/imd/" "Mozilla/5.0 (Windows NT 10.0; Win64; x64) AppleWebKit/537.36 (KHTML, like Gecko) Chrome/138.0.0.0 Safari/537.36"
192.168.179.241 - - [01/Aug/2025:11:12:19 +0530] "GET /imd/data.php HTTP/1.1" 499 0 "http://192.168.179.134/imd/" "Mozilla/5.0 (X11; Linux x86_64) AppleWebKit/537.36 (KHTML, like Gecko) Chrome/138.0.0.0 Safari/537.36"
192.168.179.241 - - [01/Aug/2025:11:12:20 +0530] "POST /generate.php HTTP/1.1" 504 497 "http://192.168.179.134/imd/" "Mozilla/5.0 (X11; Linux x86_64) AppleWebKit/537.36 (KHTML, like Gecko) Chrome/138.0.0.0 Safari/537.36"
192.168.179.52 - - [01/Aug/2025:11:12:52 +0530] "GET /imd/ HTTP/1.1" 304 0 "-" "Mozilla/5.0 (Windows NT 10.0; Win64; x64) AppleWebKit/537.36 (KHTML, like Gecko) Chrome/138.0.0.0 Safari/537.36"
192.168.179.241 - - [01/Aug/2025:11:13:04 +0530] "GET /favicon.ico HTTP/1.1" 404 555 "http://192.168.179.134/imd/" "Mozilla/5.0 (X11; Linux x86_64) AppleWebKit/537.36 (KHTML, like Gecko) Chrome/138.0.0.0 Safari/537.36"
192.168.179.52 - - [01/Aug/2025:11:13:19 +0530] "GET /imd/ HTTP/1.1" 304 0 "-" "Mozilla/5.0 (Windows NT 10.0; Win64; x64) AppleWebKit/537.36 (KHTML, like Gecko) Chrome/138.0.0.0 Safari/537.36"
192.168.179.52 - - [01/Aug/2025:11:13:19 +0530] "GET /imd/data.php HTTP/1.1" 499 0 "http://192.168.179.134/imd/" "Mozilla/5.0 (Windows NT 10.0; Win64; x64) AppleWebKit/537.36 (KHTML, like Gecko) Chrome/138.0.0.0 Safari/537.36"
192.168.179.241 - - [01/Aug/2025:11:13:34 +0530] "GET /imd/data.php HTTP/1.1" 499 0 "http://192.168.179.134/imd/" "Mozilla/5.0 (X11; Linux x86_64) AppleWebKit/537.36 (KHTML, like Gecko) Chrome/138.0.0.0 Safari/537.36"
192.168.179.52 - - [01/Aug/2025:11:14:08 +0530] "GET /imd/data.php HTTP/1.1" 499 0 "http://192.168.179.134/imd/" "Mozilla/5.0 (Windows NT 10.0; Win64; x64) AppleWebKit/537.36 (KHTML, like Gecko) Chrome/138.0.0.0 Safari/537.36"
127.0.0.1 - - [01/Aug/2025:11:17:12 +0530] "GET /imd/data.php HTTP/1.1" 504 497 "http://localhost/imd/" "Mozilla/5.0 (Windows NT 10.0; Win64; x64) AppleWebKit/537.36 (KHTML, like Gecko) Chrome/138.0.0.0 Safari/537.36"
127.0.0.1 - - [01/Aug/2025:11:25:31 +0530] "GET /imd/data.php HTTP/1.1" 200 15677 "http://localhost/imd/" "Mozilla/5.0 (Windows NT 10.0; Win64; x64) AppleWebKit/537.36 (KHTML, like Gecko) Chrome/138.0.0.0 Safari/537.36"
127.0.0.1 - - [01/Aug/2025:11:25:34 +0530] "GET /favicon.ico HTTP/1.1" 404 555 "http://localhost/imd/" "Mozilla/5.0 (Windows NT 10.0; Win64; x64) AppleWebKit/537.36 (KHTML, like Gecko) Chrome/138.0.0.0 Safari/537.36"
127.0.0.1 - - [01/Aug/2025:11:26:02 +0530] "GET /imd/icons/004-rain-1.png HTTP/1.1" 304 0 "http://localhost/imd/" "Mozilla/5.0 (Windows NT 10.0; Win64; x64) AppleWebKit/537.36 (KHTML, like Gecko) Chrome/138.0.0.0 Safari/537.36"
127.0.0.1 - - [01/Aug/2025:11:26:49 +0530] "POST /generate.php HTTP/1.1" 200 1048864 "http://localhost/imd/" "Mozilla/5.0 (Windows NT 10.0; Win64; x64) AppleWebKit/537.36 (KHTML, like Gecko) Chrome/138.0.0.0 Safari/537.36"
127.0.0.1 - - [01/Aug/2025:11:27:21 +0530] "GET /imd/icons/012-humidity.png HTTP/1.1" 200 899 "http://localhost/imd/" "Mozilla/5.0 (Windows NT 10.0; Win64; x64) AppleWebKit/537.36 (KHTML, like Gecko) Chrome/138.0.0.0 Safari/537.36"
127.0.0.1 - - [01/Aug/2025:11:28:25 +0530] "POST /generate.php HTTP/1.1" 504 497 "http://localhost/imd/" "Mozilla/5.0 (Windows NT 10.0; Win64; x64) AppleWebKit/537.36 (KHTML, like Gecko) Chrome/138.0.0.0 Safari/537.36"
127.0.0.1 - - [01/Aug/2025:11:34:41 +0530] "POST /generate.php HTTP/1.1" 499 0 "http://localhost/imd/" "Mozilla/5.0 (Windows NT 10.0; Win64; x64) AppleWebKit/537.36 (KHTML, like Gecko) Chrome/138.0.0.0 Safari/537.36"
127.0.0.1 - - [01/Aug/2025:11:35:44 +0530] "POST /generate.php HTTP/1.1" 504 497 "http://localhost/imd/" "Mozilla/5.0 (Windows NT 10.0; Win64; x64) AppleWebKit/537.36 (KHTML, like Gecko) Chrome/138.0.0.0 Safari/537.36"
127.0.0.1 - - [01/Aug/2025:11:36:03 +0530] "GET /imd/ HTTP/1.1" 304 0 "-" "Mozilla/5.0 (Windows NT 10.0; Win64; x64) AppleWebKit/537.36 (KHTML, like Gecko) Chrome/138.0.0.0 Safari/537.36"
127.0.0.1 - - [01/Aug/2025:11:36:03 +0530] "GET /imd/data.php HTTP/1.1" 200 15677 "http://localhost/imd/" "Mozilla/5.0 (Windows NT 10.0; Win64; x64) AppleWebKit/537.36 (KHTML, like Gecko) Chrome/138.0.0.0 Safari/537.36"
127.0.0.1 - - [01/Aug/2025:11:36:24 +0530] "GET /imd/icons/011-heat-wave.png HTTP/1.1" 200 694 "http://localhost/imd/" "Mozilla/5.0 (Windows NT 10.0; Win64; x64) AppleWebKit/537.36 (KHTML, like Gecko) Chrome/138.0.0.0 Safari/537.36"
127.0.0.1 - - [01/Aug/2025:11:37:04 +0530] "POST /generate.php HTTP/1.1" 200 1042917 "http://localhost/imd/" "Mozilla/5.0 (Windows NT 10.0; Win64; x64) AppleWebKit/537.36 (KHTML, like Gecko) Chrome/138.0.0.0 Safari/537.36"
127.0.0.1 - - [01/Aug/2025:11:41:22 +0530] "GET /imd/ HTTP/1.1" 304 0 "-" "Mozilla/5.0 (Windows NT 10.0; Win64; x64) AppleWebKit/537.36 (KHTML, like Gecko) Chrome/138.0.0.0 Safari/537.36"
127.0.0.1 - - [01/Aug/2025:11:41:22 +0530] "GET /imd/data.php HTTP/1.1" 200 15677 "http://localhost/imd/" "Mozilla/5.0 (Windows NT 10.0; Win64; x64) AppleWebKit/537.36 (KHTML, like Gecko) Chrome/138.0.0.0 Safari/537.36"
127.0.0.1 - - [01/Aug/2025:11:42:11 +0530] "GET /imd/icons/016-fog.png HTTP/1.1" 200 835 "http://localhost/imd/" "Mozilla/5.0 (Windows NT 10.0; Win64; x64) AppleWebKit/537.36 (KHTML, like Gecko) Chrome/138.0.0.0 Safari/537.36"
127.0.0.1 - - [01/Aug/2025:11:43:14 +0530] "POST /generate.php HTTP/1.1" 504 497 "http://localhost/imd/" "Mozilla/5.0 (Windows NT 10.0; Win64; x64) AppleWebKit/537.36 (KHTML, like Gecko) Chrome/138.0.0.0 Safari/537.36"
127.0.0.1 - - [01/Aug/2025:11:59:31 +0530] "POST /generate.php HTTP/1.1" 200 1048796 "http://localhost/imd/" "Mozilla/5.0 (Windows NT 10.0; Win64; x64) AppleWebKit/537.36 (KHTML, like Gecko) Chrome/138.0.0.0 Safari/537.36"
127.0.0.1 - - [01/Aug/2025:12:00:19 +0530] "GET /imd/icons/014-hot-day.png HTTP/1.1" 200 640 "http://localhost/imd/" "Mozilla/5.0 (Windows NT 10.0; Win64; x64) AppleWebKit/537.36 (KHTML, like Gecko) Chrome/138.0.0.0 Safari/537.36"
127.0.0.1 - - [01/Aug/2025:12:01:06 +0530] "POST /generate.php HTTP/1.1" 200 7920 "http://localhost/imd/" "Mozilla/5.0 (Windows NT 10.0; Win64; x64) AppleWebKit/537.36 (KHTML, like Gecko) Chrome/138.0.0.0 Safari/537.36"
127.0.0.1 - - [01/Aug/2025:12:01:31 +0530] "GET /imd/icons/003-rain.png HTTP/1.1" 200 634 "http://localhost/imd/" "Mozilla/5.0 (Windows NT 10.0; Win64; x64) AppleWebKit/537.36 (KHTML, like Gecko) Chrome/138.0.0.0 Safari/537.36"
127.0.0.1 - - [01/Aug/2025:12:02:33 +0530] "POST /generate.php HTTP/1.1" 504 497 "http://localhost/imd/" "Mozilla/5.0 (Windows NT 10.0; Win64; x64) AppleWebKit/537.36 (KHTML, like Gecko) Chrome/138.0.0.0 Safari/537.36"
127.0.0.1 - - [01/Aug/2025:12:03:38 +0530] "POST /generate.php HTTP/1.1" 504 497 "http://localhost/imd/" "Mozilla/5.0 (Windows NT 10.0; Win64; x64) AppleWebKit/537.36 (KHTML, like Gecko) Chrome/138.0.0.0 Safari/537.36"
127.0.0.1 - - [01/Aug/2025:12:05:37 +0530] "POST /generate.php HTTP/1.1" 504 497 "http://localhost/imd/" "Mozilla/5.0 (Windows NT 10.0; Win64; x64) AppleWebKit/537.36 (KHTML, like Gecko) Chrome/138.0.0.0 Safari/537.36"
127.0.0.1 - - [01/Aug/2025:12:09:09 +0530] "POST /generate.php HTTP/1.1" 504 497 "http://localhost/imd/" "Mozilla/5.0 (Windows NT 10.0; Win64; x64) AppleWebKit/537.36 (KHTML, like Gecko) Chrome/138.0.0.0 Safari/537.36"
127.0.0.1 - - [01/Aug/2025:12:10:07 +0530] "POST /generate.php HTTP/1.1" 499 0 "http://localhost/imd/" "Mozilla/5.0 (Windows NT 10.0; Win64; x64) AppleWebKit/537.36 (KHTML, like Gecko) Chrome/138.0.0.0 Safari/537.36"
127.0.0.1 - - [02/Aug/2025:15:07:13 +0530] "GET /imd/ HTTP/1.1" 304 0 "-" "Mozilla/5.0 (Windows NT 10.0; Win64; x64) AppleWebKit/537.36 (KHTML, like Gecko) Chrome/138.0.0.0 Safari/537.36"
127.0.0.1 - - [02/Aug/2025:15:07:13 +0530] "GET /imd/styles.css HTTP/1.1" 304 0 "http://localhost/imd/" "Mozilla/5.0 (Windows NT 10.0; Win64; x64) AppleWebKit/537.36 (KHTML, like Gecko) Chrome/138.0.0.0 Safari/537.36"
127.0.0.1 - - [02/Aug/2025:15:07:13 +0530] "GET /imd/script.js HTTP/1.1" 304 0 "http://localhost/imd/" "Mozilla/5.0 (Windows NT 10.0; Win64; x64) AppleWebKit/537.36 (KHTML, like Gecko) Chrome/138.0.0.0 Safari/537.36"
